// Jest Snapshot v1, https://goo.gl/fbAQLP

exports[`ListItem Matches snapshot 1`] = `
<tbody>
  <tr>
    <td>
      A00123
    </td>
    <td>
      Sr. LamarAdam Frank
    </td>
    <td>
      <a
        href="https://twitter.com/lamartwt"
        rel="noreferrer"
        target="_blank"
      >
        lamartwt
      </a>
    </td>
    <td>
      <a
        href="https://www.facebook.com/lamarfc"
        rel="noreferrer"
        target="_blank"
      >
        lamarfc
      </a>
    </td>
    <td>
      <a
        href="https://www.youtube.com/user/lamaryoutube"
        rel="noreferrer"
        target="_blank"
      >
        lamaryoutube
      </a>
    </td>
    <td>
      117
    </td>
    <td>
      LA/LA
    </td>
    <td>
      2022
    </td>
    <td>
      <a
        href="#none"
      >
        Details
      </a>
    </td>
  </tr>
</tbody>
`;
