// Jest Snapshot v1, https://goo.gl/fbAQLP

exports[`Pagination Matches snapshot 1`] = `
<div>
  <div
    class="row"
  >
    <div
      class="col"
    >
      <ul
        class="pagination"
      >
        <li
          class="page-item"
        >
          <a
            class="page-link"
            href="#"
            role="button"
          >
            <span
              aria-hidden="true"
            >
              «
            </span>
            <span
              class="visually-hidden"
            >
              First
            </span>
          </a>
        </li>
        <li
          class="page-item"
        >
          <a
            class="page-link"
            href="#"
            role="button"
          >
            <span
              aria-hidden="true"
            >
              ‹
            </span>
            <span
              class="visually-hidden"
            >
              Previous
            </span>
          </a>
        </li>
        <li
          class="page-item active"
        >
          <span
            class="page-link"
          >
            1
            <span
              class="visually-hidden"
            >
              (current)
            </span>
          </span>
        </li>
        <li
          class="page-item"
        >
          <a
            class="page-link"
            href="#"
            role="button"
          >
            2
          </a>
        </li>
        <li
          class="page-item"
        >
          <a
            class="page-link"
            href="#"
            role="button"
          >
            3
          </a>
        </li>
        <li
          class="page-item"
        >
          <a
            class="page-link"
            href="#"
            role="button"
          >
            <span
              aria-hidden="true"
            >
              ›
            </span>
            <span
              class="visually-hidden"
            >
              Next
            </span>
          </a>
        </li>
        <li
          class="page-item"
        >
          <a
            class="page-link"
            href="#"
            role="button"
          >
            <span
              aria-hidden="true"
            >
              »
            </span>
            <span
              class="visually-hidden"
            >
              Last
            </span>
          </a>
        </li>
      </ul>
    </div>
    <div
      class="col-sm-1"
    >
      <select
        class="form-select"
      >
        <option>
          Select members per page
        </option>
        <option
          value="10"
        >
          10
        </option>
        <option
          value="20"
        >
          20
        </option>
        <option
          value="30"
        >
          30
        </option>
      </select>
    </div>
  </div>
</div>
`;
