// Jest Snapshot v1, https://goo.gl/fbAQLP

exports[`Table Matches snapshot 1`] = `
<div>
  <table
    class="table table-striped table-bordered table-hover"
  >
    <thead>
      <tr>
        <th>
          #
        </th>
        <th>
          Name
        </th>
        <th>
          Twitter
        </th>
        <th>
          Facebook
        </th>
        <th>
          Youtube
        </th>
        <th>
          Party
        </th>
        <th>
          District/State
        </th>
        <th>
          Next Election
        </th>
        <th>
          Details
        </th>
      </tr>
    </thead>
    <tbody>
      <tr>
        <td>
          A00123
        </td>
        <td>
           Lamar Frank
        </td>
        <td>
          <a
            href="https://twitter.com/lamartwt"
            target="_blank"
          >
            lamartwt
          </a>
        </td>
        <td>
          <a
            href="https://www.facebook.com/lamarfc"
            target="_blank"
          >
            lamarfc
          </a>
        </td>
        <td>
          <a
            href="https://www.youtube.com/user/lamaryoutube"
            target="_blank"
          >
            lamaryoutube
          </a>
        </td>
        <td>
          117
        </td>
        <td>
          /LA
        </td>
        <td>
          2022
        </td>
        <td>
          <a
            href="#none"
          >
            Details
          </a>
        </td>
      </tr>
    </tbody>
  </table>
</div>
`;
